[ritexnoe.weebly.com/index.html]
[backblue.gif]
[fade.gif]
[index.html]
[ritexnoe.weebly.com/uploads/1/3/9/4/139438429/bearings-group_orig.png]
[ritexnoe.weebly.com/uploads/1/3/9/4/139438429/downloader-la-62b2cc006224e_orig.jpg]
[ritexnoe.weebly.com/uploads/1/3/9/4/139438429/thunderhex-bearing-1_orig.png]
[ritexnoe.weebly.com/uploads/1/3/9/4/139438429/published/products01a1.jpg]
[ritexnoe.weebly.com/uploads/1/3/9/4/139438429/published/logo-campur5b0d.jpg]
[ritexnoe.weebly.com/uploads/1/3/9/4/139438429/published/downloader-la-62b2e5ea6e184474c.jpg]
[ritexnoe.weebly.com/uploads/1/3/9/4/139438429/downloader-la-62b2e5c84146d_orig.jpg]
[ritexnoe.weebly.com/uploads/1/3/9/4/139438429/downloader-la-62b2e58470f1b_orig.jpg]
[ritexnoe.weebly.com/uploads/1/3/9/4/139438429/downloader-la-62b2e545bff89_orig.jpg]
[ritexnoe.weebly.com/uploads/1/3/9/4/139438429/wa-5_orig.png]
[cdn2.editmysite.com/css/sites0289.css]
[cdn2.editmysite.com/css/old/fancyboxc159.css]
[cdn2.editmysite.com/css/social-icons7199.css]
[cdn2.editmysite.com/fonts/Bebas/fontc81e.css]
[ritexnoe.weebly.com/files/main_style082a.css]
[ajax.googleapis.com/ajax/libs/jquery/1.8.3/jquery.min.js]
[cdn2.editmysite.com/js/lang/en/stl7b79.js]
[www.google.com/recaptcha/api.js]
[ritexnoe.weebly.com/uploads/1/3/9/4/139438429/logo.jpg]
[ritexnoe.weebly.com/cylinder-services-fabrikasi--egineering.html]
[ritexnoe.weebly.com/our-contact.html]
[ritexnoe.weebly.com/uploads/1/3/9/4/139438429/downloader-la-62b2e5ea6e184_orig.jpg]
[cdn2.editmysite.com/js/site/main0289.js]
[ritexnoe.weebly.com/uploads/1/3/9/4/139438429/wa-6_orig.png]
[ritexnoe.weebly.com/uploads/1/3/9/4/139438429/wa-4_orig.png]
[ritexnoe.weebly.com/uploads/1/3/9/4/139438429/wa-7_orig.png]
[cdn2.editmysite.com/images/site/footer/footer-toast-published-image-1.png]
[cdn2.editmysite.com/js/site/footerSignup34ab.js]
[ritexnoe.weebly.com/files/theme/plugin56d4.js]
[ritexnoe.weebly.com/files/theme/mobile56d4.js]
[ritexnoe.weebly.com/files/theme/custom56d4.js]
[cdn2.editmysite.com/js/wsnbn/snowday262.js]
[ritexnoe.weebly.com/index.html]
[cdn2.editmysite.com/images/util/videojs/white-bar.png]
[cdn2.editmysite.com/images/util/videojs/@2x/white-bar.png]
[cdn2.editmysite.com/images/util/videojs/gradient.png]
[cdn2.editmysite.com/images/util/videojs/@2x/gradient.png]
[cdn2.editmysite.com/sprites/util/videojs-sacae758aa2.png]
[cdn2.editmysite.com/sprites/util/videojs/@2x-s2aff7e7d9a.png]
[cdn2.editmysite.com/images/util/videojs/volume-filled.png]
[cdn2.editmysite.com/images/util/videojs/@2x/volume-filled.png]
[cdn2.editmysite.com/images/util/videojs/volume-mute.png]
[cdn2.editmysite.com/images/util/videojs/@2x/volume-mute.png]
[cdn2.editmysite.com/images/util/videojs/blue-bar.png]
[cdn2.editmysite.com/images/util/videojs/@2x/blue-bar.png]
[cdn2.editmysite.com/images/util/videojs/maximize-icon.png]
[cdn2.editmysite.com/images/util/videojs/@2x/maximize-icon.png]
[cdn2.editmysite.com/images/util/videojs/minimize-icon.png]
[cdn2.editmysite.com/images/util/videojs/@2x/minimize-icon.png]
[cdn2.editmysite.com/images/util/videojs/play-icon.png]
[cdn2.editmysite.com/images/util/videojs/@2x/play-icon.png]
[cdn2.editmysite.com/images/util/videojs/sad-face.png]
[cdn2.editmysite.com/js/site/main-customer-accounts-site0289.js]
[cdn2.editmysite.com/images/util/videojs/@2x/sad-face.png]
[cdn2.editmysite.com/images/util/videojs/loading-icon.png]
[cdn2.editmysite.com/images/util/videojs/@2x/loading-icon.png]
[cdn2.editmysite.com/images/common/buttons/small_grey.png]
[cdn2.editmysite.com/images/common/buttons/small_blue.png]
[cdn2.editmysite.com/images/old/button/large_grey.png]
[cdn2.editmysite.com/images/common/buttons/large_blue.png]
[cdn2.editmysite.com/images/common/search-light.png]
[cdn2.editmysite.com/images/common/social_icons.png]
[cdn2.editmysite.com/images/common/blog/blog-comment-button.png]
[cdn2.editmysite.com/images/common/blog/blog-comment-header.png]
[cdn2.editmysite.com/images/common/blog/blog-comment-pointer.png]
[cdn2.editmysite.com/images/common/blog/blog-comment-link.png]
[cdn2.editmysite.com/images/common/blog/blog-comment-header-author.png]
[cdn2.editmysite.com/images/common/blog/blog-comment-pointer-author.png]
[cdn2.editmysite.com/images/common/blog/blog-comment-field-bg.png]
[cdn2.editmysite.com/images/common/blog/dark-blog-comment-header.png]
[cdn2.editmysite.com/images/common/blog/dark-blog-comment-pointer.png]
[cdn2.editmysite.com/images/common/blog/dark-blog-comment-header-author.png]
[cdn2.editmysite.com/images/common/blog/dark-blog-comment-pointer-author.png]
[cdn2.editmysite.com/images/common/blog/dark-blog-comment-link.png]
[cdn2.editmysite.com/images/util/general/blank.gif]
[cdn2.editmysite.com/images/common/lightbox/prevlabel.gif]
[cdn2.editmysite.com/images/common/lightbox/nextlabel.gif]
[cdn2.editmysite.com/sprites/util/inputs/checkmarkBox-s7868418152.png]
[cdn2.editmysite.com/sprites/util/inputs/checkmarkBox/@2x-s211a47d318.png]
[cdn2.editmysite.com/images/util/inputs/search-input-bg.jpg]
[cdn2.editmysite.com/images/common/magnifying-glass.png]
[cdn2.editmysite.com/images/common/checkmarks/checkmark-mini.png]
[cdn2.editmysite.com/images/common/checkmarks/@2x/checkmark-mini.png]
[cdn2.editmysite.com/images/common/search-pagination-bg.png]
[cdn2.editmysite.com/images/util/general/top-triangle-000.png]
[cdn2.editmysite.com/images/util/general/bottom-triangle-000.png]
[cdn2.editmysite.com/images/util/general/top-triangle-000@2x.png]
[cdn2.editmysite.com/images/util/general/bottom-triangle-000@2x.png]
[cdn2.editmysite.com/sprites/common/social-icons-s5ea5500bdb.png]
[cdn2.editmysite.com/sprites/common/social-icons/@2x-s0ae7d70c70.png]
[cdn2.editmysite.com/sprites/site/mini-cart-s86c48effae.png]
[cdn2.editmysite.com/sprites/site/mini-cart/@2x-s576cbc3f90.png]
[cdn2.editmysite.com/images/loading.gif]
[cdn2.editmysite.com/sprites/site/mobile/commerce-sdf6d4e852c.png]
[cdn2.editmysite.com/sprites/site/mobile/commerce/@2x-s82f968c453.png]
[cdn2.editmysite.com/images/site/checkout/paypal.png]
[cdn2.editmysite.com/images/site/checkout/@2x/paypal.png]
[cdn2.editmysite.com/images/site/checkout/credit-cards.png]
[cdn2.editmysite.com/images/site/checkout/@2x/credit-cards.png]
[cdn2.editmysite.com/images/site/checkout/print.png]
[cdn2.editmysite.com/images/site/checkout/print@2x.png]
[cdn2.editmysite.com/images/vendor/select2/select2.png]
[cdn2.editmysite.com/images/vendor/select2/select2-spinner.gif]
[cdn2.editmysite.com/images/vendor/select2/select2x2.png]
[cdn2.editmysite.com/images/util/spinner/spinner-dark.png]
[cdn2.editmysite.com/images/util/spinner/spinner-light.png]
[cdn2.editmysite.com/images/util/loading-white-w24.gif]
[cdn2.editmysite.com/images/common/form_input_bg.gif]
[cdn2.editmysite.com/sprites/site/forms-s3786257308.png]
[cdn2.editmysite.com/sprites/site/forms/@2x-s47607b315a.png]
[cdn2.editmysite.com/images/blank.gif]
[cdn2.editmysite.com/images/old/photoswipe/loader.gif]
[cdn2.editmysite.com/images/old/photoswipe/error.gif]
[cdn2.editmysite.com/images/old/photoswipe/icons.png]
[cdn2.editmysite.com/images/old/photoswipe/icons@2x.png]
[cdn2.editmysite.com/css/sites0289.css]
[cdn2.editmysite.com/images/old/fancybox/fancybox_sprite.png]
[cdn2.editmysite.com/images/old/fancybox/fancybox_loading.gif]
[cdn2.editmysite.com/images/old/fancybox/blank.gif]
[cdn2.editmysite.com/images/old/fancybox/fancybox_overlay.png]
[cdn2.editmysite.com/css/old/fancyboxc159.css]
[cdn2.editmysite.com/css/social-icons7199.css]
[ritexnoe.weebly.com/files/theme/images/default-bg082a.jpg]
[ritexnoe.weebly.com/files/theme/images/select-arrow082a.png]
[ritexnoe.weebly.com/files/theme/images/light-checkbox082a.png]
[ritexnoe.weebly.com/files/theme/images/icon-bubble082a.png]
[ritexnoe.weebly.com/files/main_style082a.css]
[cdn2.editmysite.com/fonts/Bebas/regular.eot]
[cdn2.editmysite.com/fonts/Bebas/regulard41d.eot]
[cdn2.editmysite.com/fonts/Bebas/fontc81e.css]
[ritexnoe.weebly.com/uploads/1/3/9/4/139438429/published/xdwkfbcty8-tbo8ide4j0rdvbl6vkycbzffb57eifqz2pqjbvznydepdqyki-c9nok6wv4y8dn1pdtgzm233ffagfggbkclzg6auc-vcw0k7badtg6kgvc6rqugpiaq4383yty3aqi701xwo-trrznfs2crcqn4]
[cdn2.editmysite.com/fonts/Bebas/regular.ttf]
[ritexnoe.weebly.com/uploads/1/3/9/4/139438429/flow-kerja_orig.png]
[ritexnoe.weebly.com/uploads/1/3/9/4/139438429/published/image-1de4e.png]
[ritexnoe.weebly.com/uploads/1/3/9/4/139438429/image-2_orig.png]
[ritexnoe.weebly.com/uploads/1/3/9/4/139438429/box-1_orig.jpg]
[ritexnoe.weebly.com/uploads/1/3/9/4/139438429/hydraulic-cylinder-250x250_orig.jpg]
[ritexnoe.weebly.com/uploads/1/3/9/4/139438429/box-5_orig.jpg]
[ritexnoe.weebly.com/uploads/1/3/9/4/139438429/published/set-pict-10cac.png]
[ritexnoe.weebly.com/uploads/1/3/9/4/139438429/box-8_orig.jpg]
[ritexnoe.weebly.com/uploads/1/3/9/4/139438429/box-15_orig.jpg]
[ritexnoe.weebly.com/uploads/1/3/9/4/139438429/box-6_orig.jpg]
[ritexnoe.weebly.com/uploads/1/3/9/4/139438429/box-9_orig.jpg]
[ritexnoe.weebly.com/uploads/1/3/9/4/139438429/box-10_orig.jpg]
[ritexnoe.weebly.com/uploads/1/3/9/4/139438429/box-11_orig.jpg]
[ritexnoe.weebly.com/uploads/1/3/9/4/139438429/downloader-la-62b6f76f70ee3_orig.jpg]
[ritexnoe.weebly.com/uploads/1/3/9/4/139438429/downloader-la-62b6f7cde1efd_orig.jpg]
[ritexnoe.weebly.com/uploads/1/3/9/4/139438429/box-14_orig.jpg]
[ritexnoe.weebly.com/uploads/1/3/9/4/139438429/box-13_orig.jpg]
[ritexnoe.weebly.com/uploads/1/3/9/4/139438429/box-12_orig.jpg]
[ritexnoe.weebly.com/uploads/1/3/9/4/139438429/image-panjang-1_orig.jpg]
[ritexnoe.weebly.com/uploads/1/3/9/4/139438429/image-panjang-2_orig.jpg]
[ritexnoe.weebly.com/uploads/1/3/9/4/139438429/image-panjang-3_orig.jpg]
[ritexnoe.weebly.com/uploads/1/3/9/4/139438429/published/image-panjang-4516b.png]
[ritexnoe.weebly.com/uploads/1/3/9/4/139438429/image-panjang-5_orig.jpg]
[ritexnoe.weebly.com/cylinder-services-fabrikasi--egineering.html]
[ritexnoe.weebly.com/our-contact.html]
[ritexnoe.weebly.com/_/uploads/1/3/9/4/139438429/background-images/1296217282.html]
[ritexnoe.weebly.com/_/uploads/1/3/9/4/139438429/background-images/1679639648.html]
[ritexnoe.weebly.com/_/uploads/1/3/9/4/139438429/background-images/789119890.html]
[ritexnoe.weebly.com/_/uploads/1/3/9/4/139438429/background-images/2147195591.html]
[ritexnoe.weebly.com/_/uploads/1/3/9/4/139438429/background-images/1500099900.html]
[ritexnoe.weebly.com/_/uploads/1/3/9/4/139438429/background-images/1191775005.html]
[ritexnoe.weebly.com/_/uploads/1/3/9/4/139438429/background-images/744449901.html]
[ritexnoe.weebly.com/_/uploads/1/3/9/4/139438429/background-images/1940670708.html]
